Archive member included to satisfy reference by file (symbol)

C:\Program Files (x86)\Cypress\PSoC Creator\4.4\PSoC Creator\psoc\content\CyComponentLibrary\CyComponentLibrary.cylib\CapSense_v3_0\Library\CapSense_Library_GCC_M0p.a(CapSense_SmartSense_LL.o)
                              .\CortexM0p\ARM_GCC_541\Debug\CapSense_1_Sensing.o (SmartSense_TunePrescalers)
C:\Program Files (x86)\Cypress\PSoC Creator\4.4\PSoC Creator\psoc\content\CyComponentLibrary\CyComponentLibrary.cylib\CapSense_v3_0\Library\CapSense_Library_GCC_M0p.a(CapSense_SmartSense_SL.o)
                              .\CortexM0p\ARM_GCC_541\Debug\CapSense_1_Processing.o (SmartSense_UpdateThresholds)
c:/program files (x86)/cypress/psoc creator/4.4/psoc creator/import/gnu/arm/5.4.1/bin/../lib/gcc/arm-none-eabi/5.4.1/armv6-m\libgcc.a(_udivsi3.o)
                              .\CortexM0p\ARM_GCC_541\Debug\system_psoc6_cm0plus.o (__aeabi_uidiv)
c:/program files (x86)/cypress/psoc creator/4.4/psoc creator/import/gnu/arm/5.4.1/bin/../lib/gcc/arm-none-eabi/5.4.1/armv6-m\libgcc.a(_dvmd_tls.o)
                              c:/program files (x86)/cypress/psoc creator/4.4/psoc creator/import/gnu/arm/5.4.1/bin/../lib/gcc/arm-none-eabi/5.4.1/armv6-m\libgcc.a(_udivsi3.o) (__aeabi_idiv0)
c:/program files (x86)/cypress/psoc creator/4.4/psoc creator/import/gnu/arm/5.4.1/bin/../lib/gcc/arm-none-eabi/5.4.1/armv6-m\libgcc.a(_arm_cmpsf2.o)
                              .\CortexM0p\ARM_GCC_541\Debug\cy_sysclk.o (__aeabi_fcmplt)
c:/program files (x86)/cypress/psoc creator/4.4/psoc creator/import/gnu/arm/5.4.1/bin/../lib/gcc/arm-none-eabi/5.4.1/armv6-m\libgcc.a(_aeabi_uldivmod.o)
                              .\CortexM0p\ARM_GCC_541\Debug\cy_sysclk.o (__aeabi_uldivmod)
c:/program files (x86)/cypress/psoc creator/4.4/psoc creator/import/gnu/arm/5.4.1/bin/../lib/gcc/arm-none-eabi/5.4.1/armv6-m\libgcc.a(_muldi3.o)
                              .\CortexM0p\ARM_GCC_541\Debug\cy_profile.o (__aeabi_lmul)
c:/program files (x86)/cypress/psoc creator/4.4/psoc creator/import/gnu/arm/5.4.1/bin/../lib/gcc/arm-none-eabi/5.4.1/armv6-m\libgcc.a(_fixunssfsi.o)
                              .\CortexM0p\ARM_GCC_541\Debug\cy_sysclk.o (__aeabi_f2uiz)
c:/program files (x86)/cypress/psoc creator/4.4/psoc creator/import/gnu/arm/5.4.1/bin/../lib/gcc/arm-none-eabi/5.4.1/armv6-m\libgcc.a(_fixunsdfsi.o)
                              .\CortexM0p\ARM_GCC_541\Debug\cy_sysclk.o (__aeabi_d2uiz)
c:/program files (x86)/cypress/psoc creator/4.4/psoc creator/import/gnu/arm/5.4.1/bin/../lib/gcc/arm-none-eabi/5.4.1/armv6-m\libgcc.a(_udivmoddi4.o)
                              c:/program files (x86)/cypress/psoc creator/4.4/psoc creator/import/gnu/arm/5.4.1/bin/../lib/gcc/arm-none-eabi/5.4.1/armv6-m\libgcc.a(_aeabi_uldivmod.o) (__udivmoddi4)
c:/program files (x86)/cypress/psoc creator/4.4/psoc creator/import/gnu/arm/5.4.1/bin/../lib/gcc/arm-none-eabi/5.4.1/armv6-m\libgcc.a(addsf3.o)
                              .\CortexM0p\ARM_GCC_541\Debug\cy_sysclk.o (__aeabi_fadd)
c:/program files (x86)/cypress/psoc creator/4.4/psoc creator/import/gnu/arm/5.4.1/bin/../lib/gcc/arm-none-eabi/5.4.1/armv6-m\libgcc.a(divsf3.o)
                              .\CortexM0p\ARM_GCC_541\Debug\cy_sysclk.o (__aeabi_fdiv)
c:/program files (x86)/cypress/psoc creator/4.4/psoc creator/import/gnu/arm/5.4.1/bin/../lib/gcc/arm-none-eabi/5.4.1/armv6-m\libgcc.a(eqsf2.o)
                              c:/program files (x86)/cypress/psoc creator/4.4/psoc creator/import/gnu/arm/5.4.1/bin/../lib/gcc/arm-none-eabi/5.4.1/armv6-m\libgcc.a(_arm_cmpsf2.o) (__eqsf2)
c:/program files (x86)/cypress/psoc creator/4.4/psoc creator/import/gnu/arm/5.4.1/bin/../lib/gcc/arm-none-eabi/5.4.1/armv6-m\libgcc.a(gesf2.o)
                              c:/program files (x86)/cypress/psoc creator/4.4/psoc creator/import/gnu/arm/5.4.1/bin/../lib/gcc/arm-none-eabi/5.4.1/armv6-m\libgcc.a(_arm_cmpsf2.o) (__gesf2)
c:/program files (x86)/cypress/psoc creator/4.4/psoc creator/import/gnu/arm/5.4.1/bin/../lib/gcc/arm-none-eabi/5.4.1/armv6-m\libgcc.a(lesf2.o)
                              c:/program files (x86)/cypress/psoc creator/4.4/psoc creator/import/gnu/arm/5.4.1/bin/../lib/gcc/arm-none-eabi/5.4.1/armv6-m\libgcc.a(_arm_cmpsf2.o) (__lesf2)
c:/program files (x86)/cypress/psoc creator/4.4/psoc creator/import/gnu/arm/5.4.1/bin/../lib/gcc/arm-none-eabi/5.4.1/armv6-m\libgcc.a(mulsf3.o)
                              .\CortexM0p\ARM_GCC_541\Debug\cy_sysclk.o (__aeabi_fmul)
c:/program files (x86)/cypress/psoc creator/4.4/psoc creator/import/gnu/arm/5.4.1/bin/../lib/gcc/arm-none-eabi/5.4.1/armv6-m\libgcc.a(subsf3.o)
                              .\CortexM0p\ARM_GCC_541\Debug\cy_sysclk.o (__aeabi_fsub)
c:/program files (x86)/cypress/psoc creator/4.4/psoc creator/import/gnu/arm/5.4.1/bin/../lib/gcc/arm-none-eabi/5.4.1/armv6-m\libgcc.a(fixsfsi.o)
[...]
Memory Configuration

Name             Origin             Length             Attributes
ram              0x08000000         0x00024000         xrw
flash            0x10000000         0x00080000         xr
em_eeprom        0x14000000         0x00008000         xr
sflash_user_data 0x16000800         0x00000800         xr
sflash_nar       0x16001a00         0x00000200         xr
sflash_public_key 0x16005a00         0x00000c00         xr
sflash_toc_2     0x16007c00         0x00000200         xr
sflash_rtoc_2    0x16007e00         0x00000200         xr
xip              0x18000000         0x08000000         xr
efuse            0x90700000         0x00100000         r
*default*        0x00000000         0xffffffff

Linker script and memory map

LOAD c:/program files (x86)/cypress/psoc creator/4.4/psoc creator/import/gnu/arm/5.4.1/bin/../lib/gcc/arm-none-eabi/5.4.1/armv6-m/crti.o
LOAD c:/program files (x86)/cypress/psoc creator/4.4/psoc creator/import/gnu/arm/5.4.1/bin/../lib/gcc/arm-none-eabi/5.4.1/armv6-m/crtbegin.o
LOAD c:/program files (x86)/cypress/psoc creator/4.4/psoc creator/import/gnu/arm/5.4.1/bin/../lib/gcc/arm-none-eabi/5.4.1/../../../../arm-none-eabi/lib/armv6-m/crt0.o
START GROUP
LOAD .\CortexM0p\ARM_GCC_541\Debug\startup_psoc6_01_cm0plus.o
LOAD .\CortexM0p\ARM_GCC_541\Debug\main_cm0p.o
LOAD .\CortexM0p\ARM_GCC_541\Debug\system_psoc6_cm0plus.o
LOAD .\CortexM0p\ARM_GCC_541\Debug\cyfitter_sysint_cfg.o
LOAD .\CortexM0p\ARM_GCC_541\Debug\cyfitter_cfg.o
LOAD .\CortexM0p\ARM_GCC_541\Debug\cymetadata.o
LOAD .\CortexM0p\ARM_GCC_541\Debug\cy_efuse.o
LOAD .\CortexM0p\ARM_GCC_541\Debug\cy_flash.o
LOAD .\CortexM0p\ARM_GCC_541\Debug\cy_gpio.o
LOAD .\CortexM0p\ARM_GCC_541\Debug\cy_ipc_drv.o
LOAD .\CortexM0p\ARM_GCC_541\Debug\cy_ipc_sema.o
LOAD .\CortexM0p\ARM_GCC_541\Debug\cy_ipc_pipe.o
LOAD .\CortexM0p\ARM_GCC_541\Debug\cy_lvd.o
LOAD .\CortexM0p\ARM_GCC_541\Debug\cy_profile.o
LOAD .\CortexM0p\ARM_GCC_541\Debug\cy_prot.o
LOAD .\CortexM0p\ARM_GCC_541\Debug\cy_sysanalog.o
LOAD .\CortexM0p\ARM_GCC_541\Debug\cy_sysclk.o
LOAD .\CortexM0p\ARM_GCC_541\Debug\cy_sysint.o
LOAD .\CortexM0p\ARM_GCC_541\Debug\cy_syslib.o
LOAD .\CortexM0p\ARM_GCC_541\Debug\cy_syslib_gcc.o
LOAD .\CortexM0p\ARM_GCC_541\Debug\cy_syspm.o
LOAD .\CortexM0p\ARM_GCC_541\Debug\cy_systick.o
LOAD .\CortexM0p\ARM_GCC_541\Debug\cy_trigmux.o
LOAD .\CortexM0p\ARM_GCC_541\Debug\cy_wdt.o
LOAD .\CortexM0p\ARM_GCC_541\Debug\cy_device.o
LOAD .\CortexM0p\ARM_GCC_541\Debug\cy_ble_clk.o
LOAD .\CortexM0p\ARM_GCC_541\Debug\cy_ble.o
LOAD .\CortexM0p\ARM_GCC_541\Debug\cy_ble_hal_int.o
LOAD .\CortexM0p\ARM_GCC_541\Debug\cy_ble_hal_pvt.o
LOAD .\CortexM0p\ARM_GCC_541\Debug\cy_ble_gap.o
LOAD .\CortexM0p\ARM_GCC_541\Debug\cy_ble_gatt.o
LOAD .\CortexM0p\ARM_GCC_541\Debug\cy_ble_event_handler.o
LOAD .\CortexM0p\ARM_GCC_541\Debug\cy_ble_ancs.o
LOAD .\CortexM0p\ARM_GCC_541\Debug\cy_ble_ans.o
LOAD .\CortexM0p\ARM_GCC_541\Debug\cy_ble_aios.o
LOAD .\CortexM0p\ARM_GCC_541\Debug\cy_ble_bas.o
LOAD .\CortexM0p\ARM_GCC_541\Debug\cy_ble_bcs.o
LOAD .\CortexM0p\ARM_GCC_541\Debug\cy_ble_bls.o
LOAD .\CortexM0p\ARM_GCC_541\Debug\cy_ble_bms.o
LOAD .\CortexM0p\ARM_GCC_541\Debug\cy_ble_bts.o
LOAD .\CortexM0p\ARM_GCC_541\Debug\cy_ble_cgms.o
LOAD .\CortexM0p\ARM_GCC_541\Debug\cy_ble_cps.o
LOAD .\CortexM0p\ARM_GCC_541\Debug\cy_ble_cscs.o
LOAD .\CortexM0p\ARM_GCC_541\Debug\cy_ble_cts.o
LOAD .\CortexM0p\ARM_GCC_541\Debug\cy_ble_custom.o
LOAD .\CortexM0p\ARM_GCC_541\Debug\cy_ble_dis.o
LOAD .\CortexM0p\ARM_GCC_541\Debug\cy_ble_ess.o
LOAD .\CortexM0p\ARM_GCC_541\Debug\cy_ble_gls.o
LOAD .\CortexM0p\ARM_GCC_541\Debug\cy_ble_hids.o
LOAD .\CortexM0p\ARM_GCC_541\Debug\cy_ble_hps.o
LOAD .\CortexM0p\ARM_GCC_541\Debug\cy_ble_hrs.o
LOAD .\CortexM0p\ARM_GCC_541\Debug\cy_ble_hts.o
LOAD .\CortexM0p\ARM_GCC_541\Debug\cy_ble_ias.o
LOAD .\CortexM0p\ARM_GCC_541\Debug\cy_ble_ips.o
LOAD .\CortexM0p\ARM_GCC_541\Debug\cy_ble_lls.o
LOAD .\CortexM0p\ARM_GCC_541\Debug\cy_ble_lns.o
LOAD .\CortexM0p\ARM_GCC_541\Debug\cy_ble_ndcs.o
LOAD .\CortexM0p\ARM_GCC_541\Debug\cy_ble_plxs.o
LOAD .\CortexM0p\ARM_GCC_541\Debug\cy_ble_pass.o
LOAD .\CortexM0p\ARM_GCC_541\Debug\cy_ble_rscs.o
LOAD .\CortexM0p\ARM_GCC_541\Debug\cy_ble_rtus.o
LOAD .\CortexM0p\ARM_GCC_541\Debug\cy_ble_scps.o
LOAD .\CortexM0p\ARM_GCC_541\Debug\cy_ble_tps.o
LOAD .\CortexM0p\ARM_GCC_541\Debug\cy_ble_uds.o
LOAD .\CortexM0p\ARM_GCC_541\Debug\cy_ble_wpts.o
LOAD .\CortexM0p\ARM_GCC_541\Debug\cy_ble_wss.o
LOAD .\CortexM0p\ARM_GCC_541\Debug\BLE.o
LOAD .\CortexM0p\ARM_GCC_541\Debug\BLE_config.o
LOAD .\CortexM0p\ARM_GCC_541\Debug\BLE_custom_config.o
LOAD .\CortexM0p\ARM_GCC_541\Debug\CapSense_1_Control.o
LOAD .\CortexM0p\ARM_GCC_541\Debug\CapSense_1_Processing.o
LOAD .\CortexM0p\ARM_GCC_541\Debug\CapSense_1_Structure.o
LOAD .\CortexM0p\ARM_GCC_541\Debug\CapSense_1_Tuner.o
LOAD .\CortexM0p\ARM_GCC_541\Debug\CapSense_1_Filter.o
LOAD .\CortexM0p\ARM_GCC_541\Debug\CapSense_1_Sensing.o
LOAD .\CortexM0p\ARM_GCC_541\Debug\CapSense_1_INT.o
LOAD .\CortexM0p\ARM_GCC_541\Debug\CapSense_1_SensingCSD_LL.o
LOAD C:\Program Files (x86)\Cypress\PSoC Creator\4.4\PSoC Creator\psoc\content\CyComponentLibrary\CyComponentLibrary.cylib\CapSense_v3_0\Library\CapSense_Library_GCC_M0p.a
END GROUP
START GROUP
LOAD c:/program files (x86)/cypress/psoc creator/4.4/psoc creator/import/gnu/arm/5.4.1/bin/../lib/gcc/arm-none-eabi/5.4.1/armv6-m\libgcc.a
LOAD c:/program files (x86)/cypress/psoc creator/4.4/psoc creator/import/gnu/arm/5.4.1/bin/../lib/gcc/arm-none-eabi/5.4.1/../../../../arm-none-eabi/lib/armv6-m\libg_nano.a
LOAD c:/program files (x86)/cypress/psoc creator/4.4/psoc creator/import/gnu/arm/5.4.1/bin/../lib/gcc/arm-none-eabi/5.4.1/../../../../arm-none-eabi/lib/armv6-m\libc_nano.a
END GROUP
START GROUP
LOAD c:/program files (x86)/cypress/psoc creator/4.4/psoc creator/import/gnu/arm/5.4.1/bin/../lib/gcc/arm-none-eabi/5.4.1/armv6-m\libgcc.a
LOAD c:/program files (x86)/cypress/psoc creator/4.4/psoc creator/import/gnu/arm/5.4.1/bin/../lib/gcc/arm-none-eabi/5.4.1/../../../../arm-none-eabi/lib/armv6-m\libc_nano.a
END GROUP
LOAD c:/program files (x86)/cypress/psoc creator/4.4/psoc creator/import/gnu/arm/5.4.1/bin/../lib/gcc/arm-none-eabi/5.4.1/armv6-m/crtend.o
LOAD c:/program files (x86)/cypress/psoc creator/4.4/psoc creator/import/gnu/arm/5.4.1/bin/../lib/gcc/arm-none-eabi/5.4.1/armv6-m/crtn.o
START GROUP
LOAD c:/program files (x86)/cypress/psoc creator/4.4/psoc creator/import/gnu/arm/5.4.1/bin/../lib/gcc/arm-none-eabi/5.4.1/armv6-m\libgcc.a
LOAD c:/program files (x86)/cypress/psoc creator/4.4/psoc creator/import/gnu/arm/5.4.1/bin/../lib/gcc/arm-none-eabi/5.4.1/../../../../arm-none-eabi/lib/armv6-m\libc.a
LOAD c:/program files (x86)/cypress/psoc creator/4.4/psoc creator/import/gnu/arm/5.4.1/bin/../lib/gcc/arm-none-eabi/5.4.1/../../../../arm-none-eabi/lib/armv6-m\libnosys.a
END GROUP
START GROUP
LOAD c:/program files (x86)/cypress/psoc creator/4.4/psoc creator/import/gnu/arm/5.4.1/bin/../lib/gcc/arm-none-eabi/5.4.1/armv6-m\libgcc.a
LOAD c:/program files (x86)/cypress/psoc creator/4.4/psoc creator/import/gnu/arm/5.4.1/bin/../lib/gcc/arm-none-eabi/5.4.1/../../../../arm-none-eabi/lib/armv6-m\libc.a
LOAD c:/program files (x86)/cypress/psoc creator/4.4/psoc creator/import/gnu/arm/5.4.1/bin/../lib/gcc/arm-none-eabi/5.4.1/../../../../arm-none-eabi/lib/armv6-m\libm.a
LOAD c:/program files (x86)/cypress/psoc creator/4.4/psoc creator/import/gnu/arm/5.4.1/bin/../lib/gcc/arm-none-eabi/5.4.1/../../../../arm-none-eabi/lib/armv6-m\libnosys.a
END GROUP

.cy_app_header
 *(.cy_app_header)

.text           0x10000000     0x2190
                0x10000000                . = ALIGN (0x4)
                0x10000000                __Vectors = .
 *(.vectors)
 .vectors       0x10000000       0xc0 .\CortexM0p\ARM_GCC_541\Debug\startup_psoc6_01_cm0plus.o
                0x100000c0                . = ALIGN (0x4)
                0x100000c0                __Vectors_End = .
                0x000000c0                __Vectors_Size = (__Vectors_End - __Vectors)
                0x100000c0                __end__ = .
                0x100000c0                . = ALIGN (0x4)
 *(.text*)
 .text          0x100000c0       0x60 c:/program files (x86)/cypress/psoc creator/4.4/psoc creator/import/gnu/arm/5.4.1/bin/../lib/gcc/arm-none-eabi/5.4.1/armv6-m/crtbegin.o
 .text          0x10000120       0x80 .\CortexM0p\ARM_GCC_541\Debug\startup_psoc6_01_cm0plus.o
                0x10000120                Cy_OnResetUser
                0x10000122                Reset_Handler
                0x10000180                NvicMux10_IRQHandler
                0x10000180                NvicMux26_IRQHandler
                0x10000180                SysTick_Handler
                0x10000180                NvicMux21_IRQHandler
                0x10000180                NMI_Handler
                0x10000180                NvicMux19_IRQHandler
                0x10000180                NvicMux8_IRQHandler
                0x10000180                NvicMux27_IRQHandler
                0x10000180                PendSV_Handler
                0x10000180                NvicMux17_IRQHandler
                0x10000180                NvicMux0_IRQHandler
                0x10000180                NvicMux25_IRQHandler
                0x10000180                NvicMux13_IRQHandler
                0x10000180                NvicMux11_IRQHandler
                0x10000180                NvicMux9_IRQHandler
                0x10000180                NvicMux18_IRQHandler
                0x10000180                NvicMux6_IRQHandler
                0x10000180                NvicMux22_IRQHandler
                0x10000180                NvicMux7_IRQHandler
                0x10000180                NvicMux2_IRQHandler
                0x10000180                NvicMux4_IRQHandler
                0x10000180                Default_Handler
                0x10000180                NvicMux30_IRQHandler
                0x10000180                NvicMux12_IRQHandler
                0x10000180                NvicMux5_IRQHandler
                0x10000180                NvicMux14_IRQHandler
                0x10000180                NvicMux3_IRQHandler
                0x10000180                SVC_Handler
                0x10000180                NvicMux1_IRQHandler
                0x10000180                NvicMux16_IRQHandler
                0x10000180                NvicMux29_IRQHandler
                0x10000180                NvicMux31_IRQHandler
                0x10000180                NvicMux24_IRQHandler
                0x10000180                NvicMux20_IRQHandler
                0x10000180                NvicMux15_IRQHandler
                0x10000180                NvicMux28_IRQHandler
                0x10000180                NvicMux23_IRQHandler
                0x10000184                HardFault_Handler
 .text.main     0x100001a0       0x10 .\CortexM0p\ARM_GCC_541\Debug\main_cm0p.o
                0x100001a0                main
 .text.Cy_SysIpcPipeIsrCm0
                0x100001b0        0xc .\CortexM0p\ARM_GCC_541\Debug\system_psoc6_cm0plus.o
                0x100001b0                Cy_SysIpcPipeIsrCm0
 .text.SystemCoreClockUpdate
                0x100001bc      0x1b0 .\CortexM0p\ARM_GCC_541\Debug\system_psoc6_cm0plus.o
                0x100001bc                SystemCoreClockUpdate
 .text.SystemInit
                0x1000036c       0xc8 .\CortexM0p\ARM_GCC_541\Debug\system_psoc6_cm0plus.o
                0x1000036c                SystemInit
 .text.Cy_SysGetCM4Status
                0x10000434       0x10 .\CortexM0p\ARM_GCC_541\Debug\system_psoc6_cm0plus.o
                0x10000434                Cy_SysGetCM4Status
 .text.Cy_SysResetCM4
                0x10000444       0x34 .\CortexM0p\ARM_GCC_541\Debug\system_psoc6_cm0plus.o
                0x10000444                Cy_SysResetCM4
 .text.Cy_SysEnableCM4
                0x10000478       0x5c .\CortexM0p\ARM_GCC_541\Debug\system_psoc6_cm0plus.o
                0x10000478                Cy_SysEnableCM4
 .text.CyClockStartupError
                0x100004d4        0x4 .\CortexM0p\ARM_GCC_541\Debug\cyfitter_cfg.o
 .text.AnalogSetDefault
                0x100004d8       0x1c .\CortexM0p\ARM_GCC_541\Debug\cyfitter_cfg.o
 .text.ClockInit
                0x100004f4      0x1fc .\CortexM0p\ARM_GCC_541\Debug\cyfitter_cfg.o
 .text.Cy_SystemInit
                0x100006f0       0xd4 .\CortexM0p\ARM_GCC_541\Debug\cyfitter_cfg.o
                0x100006f0                Cy_SystemInit
 .text.Cy_Flash_ProcessOpcode
                0x100007c4       0xbc .\CortexM0p\ARM_GCC_541\Debug\cy_flash.o
 .text.Cy_Flash_OperationStatus
                0x10000880       0x5c .\CortexM0p\ARM_GCC_541\Debug\cy_flash.o
 .text.Cy_Flash_InitExt
                0x100008dc       0x44 .\CortexM0p\ARM_GCC_541\Debug\cy_flash.o
                0x100008dc                Cy_Flash_InitExt
 .text.Cy_Flash_Init
                0x10000920       0x10 .\CortexM0p\ARM_GCC_541\Debug\cy_flash.o
                0x10000920                Cy_Flash_Init
 .text.Cy_GPIO_Port_Init
                0x10000930       0xdc .\CortexM0p\ARM_GCC_541\Debug\cy_gpio.o
                0x10000930                Cy_GPIO_Port_Init
 .text.Cy_IPC_Drv_LockRelease
                0x10000a0c       0x40 .\CortexM0p\ARM_GCC_541\Debug\cy_ipc_drv.o
                0x10000a0c                Cy_IPC_Drv_LockRelease
 .text.Cy_IPC_Drv_SendMsgWord
                0x10000a4c       0x40 .\CortexM0p\ARM_GCC_541\Debug\cy_ipc_drv.o
                0x10000a4c                Cy_IPC_Drv_SendMsgWord
 .text.Cy_IPC_Drv_ReadMsgWord
                0x10000a8c       0x38 .\CortexM0p\ARM_GCC_541\Debug\cy_ipc_drv.o
                0x10000a8c                Cy_IPC_Drv_ReadMsgWord
 .text.Cy_IPC_Sema_InitExt
                0x10000ac4       0xac .\CortexM0p\ARM_GCC_541\Debug\cy_ipc_sema.o
                0x10000ac4                Cy_IPC_Sema_InitExt
 .text.Cy_IPC_Sema_Init
                0x10000b70       0x68 .\CortexM0p\ARM_GCC_541\Debug\cy_ipc_sema.o
                0x10000b70                Cy_IPC_Sema_Init
 .text.Cy_IPC_Sema_Clear
                0x10000bd8       0x8c .\CortexM0p\ARM_GCC_541\Debug\cy_ipc_sema.o
                0x10000bd8                Cy_IPC_Sema_Clear
 .text.Cy_IPC_Sema_Status
                0x10000c64       0x3c .\CortexM0p\ARM_GCC_541\Debug\cy_ipc_sema.o
                0x10000c64                Cy_IPC_Sema_Status
 .text.Cy_IPC_Pipe_Config
                0x10000ca0       0x14 .\CortexM0p\ARM_GCC_541\Debug\cy_ipc_pipe.o
                0x10000ca0                Cy_IPC_Pipe_Config
 .text.Cy_IPC_Pipe_EndpointInit
                0x10000cb4       0xd8 .\CortexM0p\ARM_GCC_541\Debug\cy_ipc_pipe.o
                0x10000cb4                Cy_IPC_Pipe_EndpointInit
 .text.Cy_IPC_Pipe_Init
                0x10000d8c       0xbc .\CortexM0p\ARM_GCC_541\Debug\cy_ipc_pipe.o
                0x10000d8c                Cy_IPC_Pipe_Init
 .text.Cy_IPC_Pipe_SendMessage
                0x10000e48       0xb8 .\CortexM0p\ARM_GCC_541\Debug\cy_ipc_pipe.o
                0x10000e48                Cy_IPC_Pipe_SendMessage
 .text.Cy_IPC_Pipe_RegisterCallback
                0x10000f00       0x54 .\CortexM0p\ARM_GCC_541\Debug\cy_ipc_pipe.o
                0x10000f00                Cy_IPC_Pipe_RegisterCallback
 .text.Cy_IPC_Pipe_ExecCallback
                0x10000f54       0xd0 .\CortexM0p\ARM_GCC_541\Debug\cy_ipc_pipe.o
                0x10000f54                Cy_IPC_Pipe_ExecCallback
 .text.Cy_IPC_Pipe_ExecuteCallback
                0x10001024       0x30 .\CortexM0p\ARM_GCC_541\Debug\cy_ipc_pipe.o
                0x10001024                Cy_IPC_Pipe_ExecuteCallback
 .text.Cy_Prot_GetActivePC
                0x10001054       0x34 .\CortexM0p\ARM_GCC_541\Debug\cy_prot.o
                0x10001054                Cy_Prot_GetActivePC
 .text.Cy_SysClk_ClkPathSetSource
                0x10001088       0x5c .\CortexM0p\ARM_GCC_541\Debug\cy_sysclk.o
                0x10001088                Cy_SysClk_ClkPathSetSource
 .text.Cy_SysClk_FllManualConfigure
                0x100010e4      0x178 .\CortexM0p\ARM_GCC_541\Debug\cy_sysclk.o
                0x100010e4                Cy_SysClk_FllManualConfigure
 .text.Cy_SysClk_FllEnable
                0x1000125c       0xdc .\CortexM0p\ARM_GCC_541\Debug\cy_sysclk.o
                0x1000125c                Cy_SysClk_FllEnable
 .text.Cy_SysInt_SetInterruptSource
                0x10001338       0x78 .\CortexM0p\ARM_GCC_541\Debug\cy_sysint.o
                0x10001338                Cy_SysInt_SetInterruptSource
 .text.Cy_SysInt_SetVector
                0x100013b0       0x44 .\CortexM0p\ARM_GCC_541\Debug\cy_sysint.o
                0x100013b0                Cy_SysInt_SetVector
 .text.Cy_SysInt_Init
                0x100013f4       0xc4 .\CortexM0p\ARM_GCC_541\Debug\cy_sysint.o
                0x100013f4                Cy_SysInt_Init
 .text.Cy_SysLib_DelayUs
                0x100014b8       0x14 .\CortexM0p\ARM_GCC_541\Debug\cy_syslib.o
                0x100014b8                Cy_SysLib_DelayUs
 .text.Cy_SysLib_Halt
                0x100014cc        0x4 .\CortexM0p\ARM_GCC_541\Debug\cy_syslib.o
                0x100014cc                Cy_SysLib_Halt
 .text.Cy_SysLib_AssertFailed
                0x100014d0       0x1c .\CortexM0p\ARM_GCC_541\Debug\cy_syslib.o
                0x100014d0                Cy_SysLib_AssertFailed
 .text.Cy_SysLib_ResetBackupDomain
                0x100014ec       0x20 .\CortexM0p\ARM_GCC_541\Debug\cy_syslib.o
                0x100014ec                Cy_SysLib_ResetBackupDomain
 .text.Cy_SysLib_GetResetReason
                0x1000150c       0x1c .\CortexM0p\ARM_GCC_541\Debug\cy_syslib.o
                0x1000150c                Cy_SysLib_GetResetReason
 .text.Cy_SysLib_ProcessingFault
                0x10001528        0x4 .\CortexM0p\ARM_GCC_541\Debug\cy_syslib.o
                0x10001528                Cy_SysLib_ProcessingFault
 .text.Cy_SysLib_FaultHandler
                0x1000152c       0x30 .\CortexM0p\ARM_GCC_541\Debug\cy_syslib.o
                0x1000152c                Cy_SysLib_FaultHandler
 .text.Cy_SysLib_SetWaitStates
                0x1000155c       0xe0 .\CortexM0p\ARM_GCC_541\Debug\cy_syslib.o
                0x1000155c                Cy_SysLib_SetWaitStates
 *fill*         0x1000163c        0x4 
 .text          0x10001640       0x20 .\CortexM0p\ARM_GCC_541\Debug\cy_syslib_gcc.o
                0x10001640                Cy_SysLib_DelayCycles
                0x10001652                Cy_SysLib_EnterCriticalSection
                0x1000165a                Cy_SysLib_ExitCriticalSection
 .text.SetReadMarginTrimUlp
                0x10001660       0x98 .\CortexM0p\ARM_GCC_541\Debug\cy_syspm.o
 .text.SetReadMarginTrimLp
                0x100016f8       0x90 .\CortexM0p\ARM_GCC_541\Debug\cy_syspm.o
 .text.SetWriteAssistTrimUlp
                0x10001788       0x74 .\CortexM0p\ARM_GCC_541\Debug\cy_syspm.o
 .text.SetWriteAssistTrimLp
                0x100017fc       0x84 .\CortexM0p\ARM_GCC_541\Debug\cy_syspm.o
 .text.IsVoltageChangePossible
                0x10001880       0x58 .\CortexM0p\ARM_GCC_541\Debug\cy_syspm.o
 .text.Cy_SysPm_WriteVoltageBitForFlash
                0x100018d8      0x12c .\CortexM0p\ARM_GCC_541\Debug\cy_syspm.o
                0x100018d8                Cy_SysPm_WriteVoltageBitForFlash
 .text.Cy_SysPm_LdoSetVoltage
                0x10001a04       0xd0 .\CortexM0p\ARM_GCC_541\Debug\cy_syspm.o
                0x10001a04                Cy_SysPm_LdoSetVoltage
 .text.Cy_SysTick_SetClockSource
                0x10001ad4       0x3c .\CortexM0p\ARM_GCC_541\Debug\cy_systick.o
                0x10001ad4                Cy_SysTick_SetClockSource
 .text.Cy_WDT_Unlock
                0x10001b10       0x24 .\CortexM0p\ARM_GCC_541\Debug\cy_wdt.o
                0x10001b10                Cy_WDT_Unlock
 .text.Cy_PDL_Init
                0x10001b34        0xc .\CortexM0p\ARM_GCC_541\Debug\cy_device.o
                0x10001b34                Cy_PDL_Init
 .text          0x10001b40      0x114 c:/program files (x86)/cypress/psoc creator/4.4/psoc creator/import/gnu/arm/5.4.1/bin/../lib/gcc/arm-none-eabi/5.4.1/armv6-m\libgcc.a(_udivsi3.o)
                0x10001b40                __aeabi_uidiv
                0x10001b40                __udivsi3
                0x10001c4c                __aeabi_uidivmod
 .text          0x10001c54        0x4 c:/program files (x86)/cypress/psoc creator/4.4/psoc creator/import/gnu/arm/5.4.1/bin/../lib/gcc/arm-none-eabi/5.4.1/armv6-m\libgcc.a(_dvmd_tls.o)
                0x10001c54                __aeabi_idiv0
                0x10001c54                __aeabi_ldiv0
 .text.memset   0x10001c58       0x10 c:/program files (x86)/cypress/psoc creator/4.4/psoc creator/import/gnu/arm/5.4.1/bin/../lib/gcc/arm-none-eabi/5.4.1/../../../../arm-none-eabi/lib/armv6-m\libg_nano.a(lib_a-memset.o)
                0x10001c58                memset
 .text.strncpy  0x10001c68       0x26 c:/program files (x86)/cypress/psoc creator/4.4/psoc creator/import/gnu/arm/5.4.1/bin/../lib/gcc/arm-none-eabi/5.4.1/../../../../arm-none-eabi/lib/armv6-m\libg_nano.a(lib_a-strncpy.o)
                0x10001c68                strncpy
 *(.init)
 *fill*         0x10001c8e        0x2 
 .init          0x10001c90        0x4 c:/program files (x86)/cypress/psoc creator/4.4/psoc creator/import/gnu/arm/5.4.1/bin/../lib/gcc/arm-none-eabi/5.4.1/armv6-m/crti.o
                0x10001c90                _init
 .init          0x10001c94        0x8 c:/program files (x86)/cypress/psoc creator/4.4/psoc creator/import/gnu/arm/5.4.1/bin/../lib/gcc/arm-none-eabi/5.4.1/armv6-m/crtn.o
 *(.fini)
 .fini          0x10001c9c        0x4 c:/program files (x86)/cypress/psoc creator/4.4/psoc creator/import/gnu/arm/5.4.1/bin/../lib/gcc/arm-none-eabi/5.4.1/armv6-m/crti.o
                0x10001c9c                _fini
 .fini          0x10001ca0        0x8 c:/program files (x86)/cypress/psoc creator/4.4/psoc creator/import/gnu/arm/5.4.1/bin/../lib/gcc/arm-none-eabi/5.4.1/armv6-m/crtn.o
 *crtbegin.o(.ctors)
 *crtbegin?.o(.ctors)
 *(EXCLUDE_FILE(*crtend.o *crtend?.o) .ctors)
 *(SORT(.ctors.*))
 *(.ctors)
 *crtbegin.o(.dtors)
 *crtbegin?.o(.dtors)
 *(EXCLUDE_FILE(*crtend.o *crtend?.o) .dtors)
 *(SORT(.dtors.*))
 *(.dtors)
 *(.rodata .rodata.* .constdata .constdata.* .conststring .conststring.*)
 .rodata        0x10001ca8       0x34 .\CortexM0p\ARM_GCC_541\Debug\system_psoc6_cm0plus.o
 .rodata.str1.4
                0x10001cdc       0x17 .\CortexM0p\ARM_GCC_541\Debug\system_psoc6_cm0plus.o
 *fill*         0x10001cf3        0x1 
 .rodata        0x10001cf4       0x5c .\CortexM0p\ARM_GCC_541\Debug\cyfitter_cfg.o
 .rodata.str1.4
                0x10001d50       0x3f .\CortexM0p\ARM_GCC_541\Debug\cy_flash.o
 *fill*         0x10001d8f        0x1 
 .rodata.str1.4
                0x10001d90       0x7d .\CortexM0p\ARM_GCC_541\Debug\cy_gpio.o
 *fill*         0x10001e0d        0x3 
 .rodata.str1.4
                0x10001e10       0x7f .\CortexM0p\ARM_GCC_541\Debug\cy_ipc_drv.o
 .rodata.str1.4
                0x10001e8f       0x3f .\CortexM0p\ARM_GCC_541\Debug\cy_ipc_sema.o
 *fill*         0x10001e8f        0x1 
 .rodata.str1.4
                0x10001e90       0x40 .\CortexM0p\ARM_GCC_541\Debug\cy_ipc_pipe.o
                                 0x7f (size before relaxing)
 .rodata.str1.4
                0x10001ed0       0x3d .\CortexM0p\ARM_GCC_541\Debug\cy_prot.o
 *fill*         0x10001f0d        0x3 
 .rodata.str1.4
                0x10001f10       0x85 .\CortexM0p\ARM_GCC_541\Debug\cy_sysclk.o
 *fill*         0x10001f95        0x3 
 .rodata.str1.4
                0x10001f98       0x41 .\CortexM0p\ARM_GCC_541\Debug\cy_sysint.o
 *fill*         0x10001fd9        0x3 
 .rodata.str1.4
                0x10001fdc       0x40 .\CortexM0p\ARM_GCC_541\Debug\cy_syspm.o
                                 0x7f (size before relaxing)
 .rodata        0x1000201c      0x170 .\CortexM0p\ARM_GCC_541\Debug\cy_device.o
                0x1000201c                cy_deviceIpBlockCfgPSoC6_02
                0x100020d4                cy_deviceIpBlockCfgPSoC6_01
 *(.eh_frame*)
 .eh_frame      0x1000218c        0x0 c:/program files (x86)/cypress/psoc creator/4.4/psoc creator/import/gnu/arm/5.4.1/bin/../lib/gcc/arm-none-eabi/5.4.1/armv6-m/crtbegin.o
 .eh_frame      0x1000218c        0x4 c:/program files (x86)/cypress/psoc creator/4.4/psoc creator/import/gnu/arm/5.4.1/bin/../lib/gcc/arm-none-eabi/5.4.1/armv6-m/crtend.o

.glue_7         0x10002190        0x0
 .glue_7        0x10002190        0x0 linker stubs

.glue_7t        0x10002190        0x0
 .glue_7t       0x10002190        0x0 linker stubs

.vfp11_veneer   0x10002190        0x0
 .vfp11_veneer  0x10002190        0x0 linker stubs

.v4_bx          0x10002190        0x0
 .v4_bx         0x10002190        0x0 linker stubs

.iplt           0x10002190        0x0
 .iplt          0x10002190        0x0 c:/program files (x86)/cypress/psoc creator/4.4/psoc creator/import/gnu/arm/5.4.1/bin/../lib/gcc/arm-none-eabi/5.4.1/armv6-m/crtbegin.o

.ARM.extab
 *(.ARM.extab* .gnu.linkonce.armextab.*)
                0x10002190                __exidx_start = .

.ARM.exidx
 *(.ARM.exidx* .gnu.linkonce.armexidx.*)
                0x10002190                __exidx_end = .

.copy.table     0x10002190       0x18
                0x10002190                . = ALIGN (0x4)
                0x10002190                __copy_table_start__ = .
                0x10002190        0x4 LONG 0x10000000 __Vectors
                0x10002194        0x4 LONG 0x8000000 __ram_vectors_start__
                0x10002198        0x4 LONG 0xc0 (__Vectors_End - __Vectors)
                0x1000219c        0x4 LONG 0x100021b0 __etext
                0x100021a0        0x4 LONG 0x80000c0 __data_start__
                0x100021a4        0x4 LONG 0x540 (__data_end__ - __data_start__)
                0x100021a8                __copy_table_end__ = .

.zero.table     0x100021a8        0x8
                0x100021a8                . = ALIGN (0x4)
                0x100021a8                __zero_table_start__ = .
                0x100021a8        0x4 LONG 0x800063c __bss_start__
                0x100021ac        0x4 LONG 0x1d8 (__bss_end__ - __bss_start__)
                0x100021b0                __zero_table_end__ = .
                0x100021b0                __etext = .

.ramVectors     0x08000000       0xc0
                0x08000000                __ram_vectors_start__ = .
 *(.ram_vectors)
 .ram_vectors   0x08000000       0xc0 .\CortexM0p\ARM_GCC_541\Debug\startup_psoc6_01_cm0plus.o
                0x08000000                __ramVectors
                0x080000c0                __ram_vectors_end__ = .

.data           0x080000c0      0x540 load address 0x100021b0
                0x080000c0                __data_start__ = .
 *(vtable)
 *(.data*)
 .data          0x080000c0       0x20 .\CortexM0p\ARM_GCC_541\Debug\system_psoc6_cm0plus.o
                0x080000c0                cy_BleEcoClockFreqHz
                0x080000c4                cy_Hfclk0FreqHz
                0x080000c8                cy_PeriClkFreqHz
                0x080000cc                SystemCoreClock
                0x080000d0                cy_delayFreqHz
                0x080000d4                cy_delayFreqMhz
                0x080000d8                cy_delayFreqKhz
                0x080000dc                cy_delay32kMs
                0x080000e0                . = ALIGN (0x4)
                0x080000e0                PROVIDE (__preinit_array_start, .)
 *(.preinit_array)
                0x080000e0                PROVIDE (__preinit_array_end, .)
                0x080000e0                . = ALIGN (0x4)
                0x080000e0                PROVIDE (__init_array_start, .)
 *(SORT(.init_array.*))
 *(.init_array)
 .init_array    0x080000e0        0x4 c:/program files (x86)/cypress/psoc creator/4.4/psoc creator/import/gnu/arm/5.4.1/bin/../lib/gcc/arm-none-eabi/5.4.1/armv6-m/crtbegin.o
                0x080000e4                PROVIDE (__init_array_end, .)
                0x080000e4                . = ALIGN (0x4)
                [!provide]                PROVIDE (__fini_array_start, .)
 *(SORT(.fini_array.*))
 *(.fini_array)
 .fini_array    0x080000e4        0x4 c:/program files (x86)/cypress/psoc creator/4.4/psoc creator/import/gnu/arm/5.4.1/bin/../lib/gcc/arm-none-eabi/5.4.1/armv6-m/crtbegin.o
                [!provide]                PROVIDE (__fini_array_end, .)
 *(.jcr*)
 .jcr           0x080000e8        0x0 c:/program files (x86)/cypress/psoc creator/4.4/psoc creator/import/gnu/arm/5.4.1/bin/../lib/gcc/arm-none-eabi/5.4.1/armv6-m/crtbegin.o
 .jcr           0x080000e8        0x4 c:/program files (x86)/cypress/psoc creator/4.4/psoc creator/import/gnu/arm/5.4.1/bin/../lib/gcc/arm-none-eabi/5.4.1/armv6-m/crtend.o
                0x080000ec                . = ALIGN (0x4)
 *(.cy_ramfunc*)
 .cy_ramfunc    0x080000ec      0x248 .\CortexM0p\ARM_GCC_541\Debug\cy_flash.o
 .cy_ramfunc    0x08000334      0x238 .\CortexM0p\ARM_GCC_541\Debug\cy_syspm.o
 *fill*         0x0800056c        0x4 
 .cy_ramfunc.__stub
                0x08000570       0x90 linker stubs
                0x08000600                . = ALIGN (0x4)
                0x08000600                __data_end__ = .

.igot.plt       0x08000600        0x0 load address 0x100026f0
 .igot.plt      0x08000600        0x0 c:/program files (x86)/cypress/psoc creator/4.4/psoc creator/import/gnu/arm/5.4.1/bin/../lib/gcc/arm-none-eabi/5.4.1/armv6-m/crtbegin.o

.noinit         0x08000600       0x3c load address 0x100026f0
 *(.noinit)
 .noinit        0x08000600       0x3c .\CortexM0p\ARM_GCC_541\Debug\cy_syslib.o
                0x08000600                cy_assertFileName
                0x08000618                cy_assertLine
                0x0800061c                cy_faultFrame

.bss            0x0800063c      0x1d8 load address 0x1000272c
                0x0800063c                . = ALIGN (0x4)
                0x0800063c                __bss_start__ = .
 *(.bss*)
 .bss           0x0800063c       0x1c c:/program files (x86)/cypress/psoc creator/4.4/psoc creator/import/gnu/arm/5.4.1/bin/../lib/gcc/arm-none-eabi/5.4.1/armv6-m/crtbegin.o
 .bss           0x08000658      0x190 .\CortexM0p\ARM_GCC_541\Debug\system_psoc6_cm0plus.o
 .bss           0x080007e8       0x18 .\CortexM0p\ARM_GCC_541\Debug\cy_flash.o
 .bss           0x08000800        0xc .\CortexM0p\ARM_GCC_541\Debug\cy_ipc_sema.o
 .bss           0x0800080c        0x4 .\CortexM0p\ARM_GCC_541\Debug\cy_ipc_pipe.o
 *(COMMON)
 COMMON         0x08000810        0x4 .\CortexM0p\ARM_GCC_541\Debug\cy_device.o
                0x08000810                cy_device
                0x08000814                . = ALIGN (0x4)
                0x08000814                __bss_end__ = .

.heap           0x08000818      0x400
                0x08000818                __HeapBase = .
                0x08000818                __end__ = .
                0x08000818                end = __end__
 *(.heap*)
 .heap          0x08000818      0x400 .\CortexM0p\ARM_GCC_541\Debug\startup_psoc6_01_cm0plus.o
                0x08000c18                __HeapLimit = .

.stack_dummy    0x08000818     0x1000
 *(.stack*)
 .stack         0x08000818     0x1000 .\CortexM0p\ARM_GCC_541\Debug\startup_psoc6_01_cm0plus.o
                0x08024000                __StackTop = (ORIGIN (ram) + LENGTH (ram))
                0x08023000                __StackLimit = (__StackTop - SIZEOF (.stack_dummy))
                0x08024000                PROVIDE (__stack, __StackTop)
                0x00000001                ASSERT ((__StackLimit >= __HeapLimit), region RAM overflowed with stack)

.cy_em_eeprom
 *(.cy_em_eeprom)

.cy_sflash_user_data
 *(.cy_sflash_user_data)

.cy_sflash_nar
 *(.cy_sflash_nar)

.cy_sflash_public_key
 *(.cy_sflash_public_key)

.cy_toc_part2
 *(.cy_toc_part2)

.cy_rtoc_part2
 *(.cy_rtoc_part2)

.cy_xip
 *(.cy_xip)

.cy_efuse
 *(.cy_efuse)

.cymeta         0x90500000        0xc
 *(.cymeta)
 .cymeta        0x90500000        0xc .\CortexM0p\ARM_GCC_541\Debug\cymetadata.o
                0x90500000                cy_metadata
                0x10000000                __cy_memory_0_start = 0x10000000
                0x00100000                __cy_memory_0_length = 0x100000
                0x00000200                __cy_memory_0_row_size = 0x200
                0x14000000                __cy_memory_1_start = 0x14000000
                0x00008000                __cy_memory_1_length = 0x8000
                0x00000200                __cy_memory_1_row_size = 0x200
                0x16000000                __cy_memory_2_start = 0x16000000
                0x00008000                __cy_memory_2_length = 0x8000
                0x00000200                __cy_memory_2_row_size = 0x200
                0x18000000                __cy_memory_3_start = 0x18000000
                0x08000000                __cy_memory_3_length = 0x8000000
                0x00000200                __cy_memory_3_row_size = 0x200
                0x90700000                __cy_memory_4_start = 0x90700000
                0x00100000                __cy_memory_4_length = 0x100000
                0x00000001                __cy_memory_4_row_size = 0x1
OUTPUT(C:\Users\steamkid\Documents\PSoC Creator\Workspace01\Fencing_P1_GPIO_Test.cydsn\CortexM0p\ARM_GCC_541\Debug\Fencing_P1_GPIO_Test_link.elf elf32-littlearm)

.rel.dyn        0x08000814        0x0 load address 0x985020fc
 .rel.iplt      0x08000814        0x0 c:/program files (x86)/cypress/psoc creator/4.4/psoc creator/import/gnu/arm/5.4.1/bin/../lib/gcc/arm-none-eabi/5.4.1/armv6-m/crtbegin.o

.ARM.attributes
                0x00000000       0x28
 .ARM.attributes
                0x00000000       0x1e c:/program files (x86)/cypress/psoc creator/4.4/psoc creator/import/gnu/arm/5.4.1/bin/../lib/gcc/arm-none-eabi/5.4.1/armv6-m/crti.o
 .ARM.attributes
                0x0000001e       0x2c c:/program files (x86)/cypress/psoc creator/4.4/psoc creator/import/gnu/arm/5.4.1/bin/../lib/gcc/arm-none-eabi/5.4.1/armv6-m/crtbegin.o
 .ARM.attributes
                0x0000004a       0x1b .\CortexM0p\ARM_GCC_541\Debug\startup_psoc6_01_cm0plus.o
 .ARM.attributes
                0x00000065       0x32 .\CortexM0p\ARM_GCC_541\Debug\main_cm0p.o
 .ARM.attributes
                0x00000097       0x32 .\CortexM0p\ARM_GCC_541\Debug\system_psoc6_cm0plus.o
 .ARM.attributes
                0x000000c9       0x32 .\CortexM0p\ARM_GCC_541\Debug\cyfitter_cfg.o
 .ARM.attributes
                0x000000fb       0x32 .\CortexM0p\ARM_GCC_541\Debug\cymetadata.o
 .ARM.attributes
                0x0000012d       0x32 .\CortexM0p\ARM_GCC_541\Debug\cy_flash.o
 .ARM.attributes
                0x0000015f       0x32 .\CortexM0p\ARM_GCC_541\Debug\cy_gpio.o
 .ARM.attributes
                0x00000191       0x32 .\CortexM0p\ARM_GCC_541\Debug\cy_ipc_drv.o
 .ARM.attributes
                0x000001c3       0x32 .\CortexM0p\ARM_GCC_541\Debug\cy_ipc_sema.o
 .ARM.attributes
                0x000001f5       0x32 .\CortexM0p\ARM_GCC_541\Debug\cy_ipc_pipe.o
 .ARM.attributes
                0x00000227       0x32 .\CortexM0p\ARM_GCC_541\Debug\cy_prot.o
 .ARM.attributes
                0x00000259       0x32 .\CortexM0p\ARM_GCC_541\Debug\cy_sysclk.o
 .ARM.attributes
                0x0000028b       0x32 .\CortexM0p\ARM_GCC_541\Debug\cy_sysint.o
 .ARM.attributes
                0x000002bd       0x32 .\CortexM0p\ARM_GCC_541\Debug\cy_syslib.o
 .ARM.attributes
                0x000002ef       0x22 .\CortexM0p\ARM_GCC_541\Debug\cy_syslib_gcc.o
 .ARM.attributes
                0x00000311       0x32 .\CortexM0p\ARM_GCC_541\Debug\cy_syspm.o
 .ARM.attributes
                0x00000343       0x32 .\CortexM0p\ARM_GCC_541\Debug\cy_systick.o
 .ARM.attributes
                0x00000375       0x32 .\CortexM0p\ARM_GCC_541\Debug\cy_wdt.o
 .ARM.attributes
                0x000003a7       0x32 .\CortexM0p\ARM_GCC_541\Debug\cy_device.o
 .ARM.attributes
                0x000003d9       0x1e c:/program files (x86)/cypress/psoc creator/4.4/psoc creator/import/gnu/arm/5.4.1/bin/../lib/gcc/arm-none-eabi/5.4.1/armv6-m\libgcc.a(_udivsi3.o)
 .ARM.attributes
                0x000003f7       0x1e c:/program files (x86)/cypress/psoc creator/4.4/psoc creator/import/gnu/arm/5.4.1/bin/../lib/gcc/arm-none-eabi/5.4.1/armv6-m\libgcc.a(_dvmd_tls.o)
 .ARM.attributes
                0x00000415       0x2c c:/program files (x86)/cypress/psoc creator/4.4/psoc creator/import/gnu/arm/5.4.1/bin/../lib/gcc/arm-none-eabi/5.4.1/../../../../arm-none-eabi/lib/armv6-m\libg_nano.a(lib_a-memset.o)
 .ARM.attributes
                0x00000441       0x2c c:/program files (x86)/cypress/psoc creator/4.4/psoc creator/import/gnu/arm/5.4.1/bin/../lib/gcc/arm-none-eabi/5.4.1/../../../../arm-none-eabi/lib/armv6-m\libg_nano.a(lib_a-strncpy.o)
 .ARM.attributes
                0x0000046d       0x2c c:/program files (x86)/cypress/psoc creator/4.4/psoc creator/import/gnu/arm/5.4.1/bin/../lib/gcc/arm-none-eabi/5.4.1/armv6-m/crtend.o
 .ARM.attributes
                0x00000499       0x1e c:/program files (x86)/cypress/psoc creator/4.4/psoc creator/import/gnu/arm/5.4.1/bin/../lib/gcc/arm-none-eabi/5.4.1/armv6-m/crtn.o

.comment        0x00000000       0x6e
 .comment       0x00000000       0x6e .\CortexM0p\ARM_GCC_541\Debug\main_cm0p.o
                                 0x6f (size before relaxing)
 .comment       0x0000006e       0x6f .\CortexM0p\ARM_GCC_541\Debug\system_psoc6_cm0plus.o
 .comment       0x0000006e       0x6f .\CortexM0p\ARM_GCC_541\Debug\cyfitter_cfg.o
 .comment       0x0000006e       0x6f .\CortexM0p\ARM_GCC_541\Debug\cymetadata.o
 .comment       0x0000006e       0x6f .\CortexM0p\ARM_GCC_541\Debug\cy_flash.o
 .comment       0x0000006e       0x6f .\CortexM0p\ARM_GCC_541\Debug\cy_gpio.o
 .comment       0x0000006e       0x6f .\CortexM0p\ARM_GCC_541\Debug\cy_ipc_drv.o
 .comment       0x0000006e       0x6f .\CortexM0p\ARM_GCC_541\Debug\cy_ipc_sema.o
 .comment       0x0000006e       0x6f .\CortexM0p\ARM_GCC_541\Debug\cy_ipc_pipe.o
 .comment       0x0000006e       0x6f .\CortexM0p\ARM_GCC_541\Debug\cy_prot.o
 .comment       0x0000006e       0x6f .\CortexM0p\ARM_GCC_541\Debug\cy_sysclk.o
 .comment       0x0000006e       0x6f .\CortexM0p\ARM_GCC_541\Debug\cy_sysint.o
 .comment       0x0000006e       0x6f .\CortexM0p\ARM_GCC_541\Debug\cy_syslib.o
 .comment       0x0000006e       0x6f .\CortexM0p\ARM_GCC_541\Debug\cy_syspm.o
 .comment       0x0000006e       0x6f .\CortexM0p\ARM_GCC_541\Debug\cy_systick.o
 .comment       0x0000006e       0x6f .\CortexM0p\ARM_GCC_541\Debug\cy_wdt.o
 .comment       0x0000006e       0x6f .\CortexM0p\ARM_GCC_541\Debug\cy_device.o

.debug_line     0x00000000     0x54d4
 .debug_line    0x00000000       0x92 .\CortexM0p\ARM_GCC_541\Debug\startup_psoc6_01_cm0plus.o
 .debug_line    0x00000092      0x1d4 .\CortexM0p\ARM_GCC_541\Debug\main_cm0p.o
 .debug_line    0x00000266      0x4cb .\CortexM0p\ARM_GCC_541\Debug\system_psoc6_cm0plus.o
 .debug_line    0x00000731      0x47d .\CortexM0p\ARM_GCC_541\Debug\cyfitter_cfg.o
 .debug_line    0x00000bae      0x141 .\CortexM0p\ARM_GCC_541\Debug\cymetadata.o
 .debug_line    0x00000cef      0x6f2 .\CortexM0p\ARM_GCC_541\Debug\cy_flash.o
 .debug_line    0x000013e1      0x4b4 .\CortexM0p\ARM_GCC_541\Debug\cy_gpio.o
 .debug_line    0x00001895      0x307 .\CortexM0p\ARM_GCC_541\Debug\cy_ipc_drv.o
 .debug_line    0x00001b9c      0x3c9 .\CortexM0p\ARM_GCC_541\Debug\cy_ipc_sema.o
 .debug_line    0x00001f65      0x589 .\CortexM0p\ARM_GCC_541\Debug\cy_ipc_pipe.o
 .debug_line    0x000024ee      0xb20 .\CortexM0p\ARM_GCC_541\Debug\cy_prot.o
 .debug_line    0x0000300e      0x9ff .\CortexM0p\ARM_GCC_541\Debug\cy_sysclk.o
 .debug_line    0x00003a0d      0x3bd .\CortexM0p\ARM_GCC_541\Debug\cy_sysint.o
 .debug_line    0x00003dca      0x4b8 .\CortexM0p\ARM_GCC_541\Debug\cy_syslib.o
 .debug_line    0x00004282       0x89 .\CortexM0p\ARM_GCC_541\Debug\cy_syslib_gcc.o
 .debug_line    0x0000430b      0xa4c .\CortexM0p\ARM_GCC_541\Debug\cy_syspm.o
 .debug_line    0x00004d57      0x31b .\CortexM0p\ARM_GCC_541\Debug\cy_systick.o
 .debug_line    0x00005072      0x2e3 .\CortexM0p\ARM_GCC_541\Debug\cy_wdt.o
 .debug_line    0x00005355      0x17f .\CortexM0p\ARM_GCC_541\Debug\cy_device.o

.debug_info     0x00000000    0x19c21
 .debug_info    0x00000000       0x97 .\CortexM0p\ARM_GCC_541\Debug\startup_psoc6_01_cm0plus.o
 .debug_info    0x00000097      0x570 .\CortexM0p\ARM_GCC_541\Debug\main_cm0p.o
 .debug_info    0x00000607     0x21bb .\CortexM0p\ARM_GCC_541\Debug\system_psoc6_cm0plus.o
 .debug_info    0x000027c2     0x1fe9 .\CortexM0p\ARM_GCC_541\Debug\cyfitter_cfg.o
 .debug_info    0x000047ab       0xac .\CortexM0p\ARM_GCC_541\Debug\cymetadata.o
 .debug_info    0x00004857     0x2393 .\CortexM0p\ARM_GCC_541\Debug\cy_flash.o
 .debug_info    0x00006bea     0x238e .\CortexM0p\ARM_GCC_541\Debug\cy_gpio.o
 .debug_info    0x00008f78      0x8df .\CortexM0p\ARM_GCC_541\Debug\cy_ipc_drv.o
 .debug_info    0x00009857      0xbf9 .\CortexM0p\ARM_GCC_541\Debug\cy_ipc_sema.o
 .debug_info    0x0000a450     0x19e8 .\CortexM0p\ARM_GCC_541\Debug\cy_ipc_pipe.o
 .debug_info    0x0000be38     0x2b76 .\CortexM0p\ARM_GCC_541\Debug\cy_prot.o
 .debug_info    0x0000e9ae     0x21b4 .\CortexM0p\ARM_GCC_541\Debug\cy_sysclk.o
 .debug_info    0x00010b62     0x1af4 .\CortexM0p\ARM_GCC_541\Debug\cy_sysint.o
 .debug_info    0x00012656     0x20bb .\CortexM0p\ARM_GCC_541\Debug\cy_syslib.o
 .debug_info    0x00014711       0xc1 .\CortexM0p\ARM_GCC_541\Debug\cy_syslib_gcc.o
 .debug_info    0x000147d2     0x3ef3 .\CortexM0p\ARM_GCC_541\Debug\cy_syspm.o
 .debug_info    0x000186c5      0x7fc .\CortexM0p\ARM_GCC_541\Debug\cy_systick.o
 .debug_info    0x00018ec1      0x80f .\CortexM0p\ARM_GCC_541\Debug\cy_wdt.o
 .debug_info    0x000196d0      0x551 .\CortexM0p\ARM_GCC_541\Debug\cy_device.o

.debug_abbrev   0x00000000     0x24a0
 .debug_abbrev  0x00000000       0x14 .\CortexM0p\ARM_GCC_541\Debug\startup_psoc6_01_cm0plus.o
 .debug_abbrev  0x00000014       0xd9 .\CortexM0p\ARM_GCC_541\Debug\main_cm0p.o
 .debug_abbrev  0x000000ed      0x272 .\CortexM0p\ARM_GCC_541\Debug\system_psoc6_cm0plus.o
 .debug_abbrev  0x0000035f      0x2d3 .\CortexM0p\ARM_GCC_541\Debug\cyfitter_cfg.o
 .debug_abbrev  0x00000632       0x5d .\CortexM0p\ARM_GCC_541\Debug\cymetadata.o
 .debug_abbrev  0x0000068f      0x313 .\CortexM0p\ARM_GCC_541\Debug\cy_flash.o
 .debug_abbrev  0x000009a2      0x250 .\CortexM0p\ARM_GCC_541\Debug\cy_gpio.o
 .debug_abbrev  0x00000bf2      0x177 .\CortexM0p\ARM_GCC_541\Debug\cy_ipc_drv.o
 .debug_abbrev  0x00000d69      0x208 .\CortexM0p\ARM_GCC_541\Debug\cy_ipc_sema.o
 .debug_abbrev  0x00000f71      0x31a .\CortexM0p\ARM_GCC_541\Debug\cy_ipc_pipe.o
 .debug_abbrev  0x0000128b      0x213 .\CortexM0p\ARM_GCC_541\Debug\cy_prot.o
 .debug_abbrev  0x0000149e      0x36d .\CortexM0p\ARM_GCC_541\Debug\cy_sysclk.o
 .debug_abbrev  0x0000180b      0x274 .\CortexM0p\ARM_GCC_541\Debug\cy_sysint.o
 .debug_abbrev  0x00001a7f      0x30d .\CortexM0p\ARM_GCC_541\Debug\cy_syslib.o
 .debug_abbrev  0x00001d8c       0x14 .\CortexM0p\ARM_GCC_541\Debug\cy_syslib_gcc.o
 .debug_abbrev  0x00001da0      0x30f .\CortexM0p\ARM_GCC_541\Debug\cy_syspm.o
 .debug_abbrev  0x000020af      0x203 .\CortexM0p\ARM_GCC_541\Debug\cy_systick.o
 .debug_abbrev  0x000022b2      0x151 .\CortexM0p\ARM_GCC_541\Debug\cy_wdt.o
 .debug_abbrev  0x00002403       0x9d .\CortexM0p\ARM_GCC_541\Debug\cy_device.o

.debug_aranges  0x00000000      0x7f0
 .debug_aranges
                0x00000000       0x20 .\CortexM0p\ARM_GCC_541\Debug\startup_psoc6_01_cm0plus.o
 .debug_aranges
                0x00000020       0x20 .\CortexM0p\ARM_GCC_541\Debug\main_cm0p.o
 .debug_aranges
                0x00000040       0x60 .\CortexM0p\ARM_GCC_541\Debug\system_psoc6_cm0plus.o
 .debug_aranges
                0x000000a0       0x38 .\CortexM0p\ARM_GCC_541\Debug\cyfitter_cfg.o
 .debug_aranges
                0x000000d8       0x18 .\CortexM0p\ARM_GCC_541\Debug\cymetadata.o
 .debug_aranges
                0x000000f0       0xb0 .\CortexM0p\ARM_GCC_541\Debug\cy_flash.o
 .debug_aranges
                0x000001a0       0x48 .\CortexM0p\ARM_GCC_541\Debug\cy_gpio.o
 .debug_aranges
                0x000001e8       0x30 .\CortexM0p\ARM_GCC_541\Debug\cy_ipc_drv.o
 .debug_aranges
                0x00000218       0x48 .\CortexM0p\ARM_GCC_541\Debug\cy_ipc_sema.o
 .debug_aranges
                0x00000260       0x68 .\CortexM0p\ARM_GCC_541\Debug\cy_ipc_pipe.o
 .debug_aranges
                0x000002c8      0x198 .\CortexM0p\ARM_GCC_541\Debug\cy_prot.o
 .debug_aranges
                0x00000460       0xb0 .\CortexM0p\ARM_GCC_541\Debug\cy_sysclk.o
 .debug_aranges
                0x00000510       0x58 .\CortexM0p\ARM_GCC_541\Debug\cy_sysint.o
 .debug_aranges
                0x00000568       0x80 .\CortexM0p\ARM_GCC_541\Debug\cy_syslib.o
 .debug_aranges
                0x000005e8       0x20 .\CortexM0p\ARM_GCC_541\Debug\cy_syslib_gcc.o
 .debug_aranges
                0x00000608      0x118 .\CortexM0p\ARM_GCC_541\Debug\cy_syspm.o
 .debug_aranges
                0x00000720       0x58 .\CortexM0p\ARM_GCC_541\Debug\cy_systick.o
 .debug_aranges
                0x00000778       0x58 .\CortexM0p\ARM_GCC_541\Debug\cy_wdt.o
 .debug_aranges
                0x000007d0       0x20 .\CortexM0p\ARM_GCC_541\Debug\cy_device.o

.debug_ranges   0x00000000      0x780
 .debug_ranges  0x00000000       0x10 .\CortexM0p\ARM_GCC_541\Debug\main_cm0p.o
 .debug_ranges  0x00000010       0x68 .\CortexM0p\ARM_GCC_541\Debug\system_psoc6_cm0plus.o
 .debug_ranges  0x00000078       0x28 .\CortexM0p\ARM_GCC_541\Debug\cyfitter_cfg.o
 .debug_ranges  0x000000a0       0xc8 .\CortexM0p\ARM_GCC_541\Debug\cy_flash.o
 .debug_ranges  0x00000168       0x38 .\CortexM0p\ARM_GCC_541\Debug\cy_gpio.o
 .debug_ranges  0x000001a0       0x20 .\CortexM0p\ARM_GCC_541\Debug\cy_ipc_drv.o
 .debug_ranges  0x000001c0       0x38 .\CortexM0p\ARM_GCC_541\Debug\cy_ipc_sema.o
 .debug_ranges  0x000001f8       0x58 .\CortexM0p\ARM_GCC_541\Debug\cy_ipc_pipe.o
 .debug_ranges  0x00000250      0x188 .\CortexM0p\ARM_GCC_541\Debug\cy_prot.o
 .debug_ranges  0x000003d8      0x118 .\CortexM0p\ARM_GCC_541\Debug\cy_sysclk.o
 .debug_ranges  0x000004f0       0x48 .\CortexM0p\ARM_GCC_541\Debug\cy_sysint.o
 .debug_ranges  0x00000538       0x70 .\CortexM0p\ARM_GCC_541\Debug\cy_syslib.o
 .debug_ranges  0x000005a8      0x138 .\CortexM0p\ARM_GCC_541\Debug\cy_syspm.o
 .debug_ranges  0x000006e0       0x48 .\CortexM0p\ARM_GCC_541\Debug\cy_systick.o
 .debug_ranges  0x00000728       0x48 .\CortexM0p\ARM_GCC_541\Debug\cy_wdt.o
 .debug_ranges  0x00000770       0x10 .\CortexM0p\ARM_GCC_541\Debug\cy_device.o

.debug_str      0x00000000     0xb1d6
 .debug_str     0x00000000      0x712 .\CortexM0p\ARM_GCC_541\Debug\main_cm0p.o
                                0x779 (size before relaxing)
 .debug_str     0x00000712     0x145e .\CortexM0p\ARM_GCC_541\Debug\system_psoc6_cm0plus.o
                               0x1dee (size before relaxing)
 .debug_str     0x00001b70     0x1593 .\CortexM0p\ARM_GCC_541\Debug\cyfitter_cfg.o
                               0x21a5 (size before relaxing)
 .debug_str     0x00003103       0x30 .\CortexM0p\ARM_GCC_541\Debug\cymetadata.o
                                0x1b1 (size before relaxing)
 .debug_str     0x00003133     0x1037 .\CortexM0p\ARM_GCC_541\Debug\cy_flash.o
                               0x1d14 (size before relaxing)
 .debug_str     0x0000416a     0x2e93 .\CortexM0p\ARM_GCC_541\Debug\cy_gpio.o
                               0x370b (size before relaxing)
 .debug_str     0x00006ffd       0xfd .\CortexM0p\ARM_GCC_541\Debug\cy_ipc_drv.o
                                0x953 (size before relaxing)
 .debug_str     0x000070fa       0xed .\CortexM0p\ARM_GCC_541\Debug\cy_ipc_sema.o
                                0xb40 (size before relaxing)
 .debug_str     0x000071e7     0x12c2 .\CortexM0p\ARM_GCC_541\Debug\cy_ipc_pipe.o
                               0x2217 (size before relaxing)
 .debug_str     0x000084a9      0xe0c .\CortexM0p\ARM_GCC_541\Debug\cy_prot.o
                               0x16cb (size before relaxing)
 .debug_str     0x000092b5      0x6c4 .\CortexM0p\ARM_GCC_541\Debug\cy_sysclk.o
                               0x1e70 (size before relaxing)
 .debug_str     0x00009979      0x39f .\CortexM0p\ARM_GCC_541\Debug\cy_sysint.o
                               0x205e (size before relaxing)
 .debug_str     0x00009d18      0x23c .\CortexM0p\ARM_GCC_541\Debug\cy_syslib.o
                               0x1b09 (size before relaxing)
 .debug_str     0x00009f54      0xf81 .\CortexM0p\ARM_GCC_541\Debug\cy_syspm.o
                               0x2af4 (size before relaxing)
 .debug_str     0x0000aed5      0x1e5 .\CortexM0p\ARM_GCC_541\Debug\cy_systick.o
                                0xa0d (size before relaxing)
 .debug_str     0x0000b0ba       0xbf .\CortexM0p\ARM_GCC_541\Debug\cy_wdt.o
                                0x6f0 (size before relaxing)
 .debug_str     0x0000b179       0x5d .\CortexM0p\ARM_GCC_541\Debug\cy_device.o
                                0x7bf (size before relaxing)

.debug_frame    0x00000000     0x173c
 .debug_frame   0x00000000       0x2c .\CortexM0p\ARM_GCC_541\Debug\main_cm0p.o
 .debug_frame   0x0000002c       0xfc .\CortexM0p\ARM_GCC_541\Debug\system_psoc6_cm0plus.o
 .debug_frame   0x00000128       0x74 .\CortexM0p\ARM_GCC_541\Debug\cyfitter_cfg.o
 .debug_frame   0x0000019c      0x218 .\CortexM0p\ARM_GCC_541\Debug\cy_flash.o
 .debug_frame   0x000003b4       0xec .\CortexM0p\ARM_GCC_541\Debug\cy_gpio.o
 .debug_frame   0x000004a0       0x70 .\CortexM0p\ARM_GCC_541\Debug\cy_ipc_drv.o
 .debug_frame   0x00000510       0xbc .\CortexM0p\ARM_GCC_541\Debug\cy_ipc_sema.o
 .debug_frame   0x000005cc      0x150 .\CortexM0p\ARM_GCC_541\Debug\cy_ipc_pipe.o
 .debug_frame   0x0000071c      0x5b8 .\CortexM0p\ARM_GCC_541\Debug\cy_prot.o
 .debug_frame   0x00000cd4      0x298 .\CortexM0p\ARM_GCC_541\Debug\cy_sysclk.o
 .debug_frame   0x00000f6c       0xe4 .\CortexM0p\ARM_GCC_541\Debug\cy_sysint.o
 .debug_frame   0x00001050      0x138 .\CortexM0p\ARM_GCC_541\Debug\cy_syslib.o
 .debug_frame   0x00001188      0x3bc .\CortexM0p\ARM_GCC_541\Debug\cy_syspm.o
 .debug_frame   0x00001544       0xac .\CortexM0p\ARM_GCC_541\Debug\cy_systick.o
 .debug_frame   0x000015f0       0xc0 .\CortexM0p\ARM_GCC_541\Debug\cy_wdt.o
 .debug_frame   0x000016b0       0x20 .\CortexM0p\ARM_GCC_541\Debug\cy_device.o
 .debug_frame   0x000016d0       0x20 c:/program files (x86)/cypress/psoc creator/4.4/psoc creator/import/gnu/arm/5.4.1/bin/../lib/gcc/arm-none-eabi/5.4.1/armv6-m\libgcc.a(_udivsi3.o)
 .debug_frame   0x000016f0       0x20 c:/program files (x86)/cypress/psoc creator/4.4/psoc creator/import/gnu/arm/5.4.1/bin/../lib/gcc/arm-none-eabi/5.4.1/../../../../arm-none-eabi/lib/armv6-m\libg_nano.a(lib_a-memset.o)
 .debug_frame   0x00001710       0x2c c:/program files (x86)/cypress/psoc creator/4.4/psoc creator/import/gnu/arm/5.4.1/bin/../lib/gcc/arm-none-eabi/5.4.1/../../../../arm-none-eabi/lib/armv6-m\libg_nano.a(lib_a-strncpy.o)

.debug_loc      0x00000000     0x76a7
 .debug_loc     0x00000000      0x358 .\CortexM0p\ARM_GCC_541\Debug\system_psoc6_cm0plus.o
 .debug_loc     0x00000358      0x246 .\CortexM0p\ARM_GCC_541\Debug\cyfitter_cfg.o
 .debug_loc     0x0000059e      0xd3c .\CortexM0p\ARM_GCC_541\Debug\cy_flash.o
 .debug_loc     0x000012da      0x815 .\CortexM0p\ARM_GCC_541\Debug\cy_gpio.o
 .debug_loc     0x00001aef      0x303 .\CortexM0p\ARM_GCC_541\Debug\cy_ipc_drv.o
 .debug_loc     0x00001df2      0x7fa .\CortexM0p\ARM_GCC_541\Debug\cy_ipc_sema.o
 .debug_loc     0x000025ec      0x778 .\CortexM0p\ARM_GCC_541\Debug\cy_ipc_pipe.o
 .debug_loc     0x00002d64     0x1858 .\CortexM0p\ARM_GCC_541\Debug\cy_prot.o
 .debug_loc     0x000045bc     0x18e7 .\CortexM0p\ARM_GCC_541\Debug\cy_sysclk.o
 .debug_loc     0x00005ea3      0x4bc .\CortexM0p\ARM_GCC_541\Debug\cy_sysint.o
 .debug_loc     0x0000635f      0x239 .\CortexM0p\ARM_GCC_541\Debug\cy_syslib.o
 .debug_loc     0x00006598      0xf1d .\CortexM0p\ARM_GCC_541\Debug\cy_syspm.o
 .debug_loc     0x000074b5      0x19a .\CortexM0p\ARM_GCC_541\Debug\cy_systick.o
 .debug_loc     0x0000764f       0x58 .\CortexM0p\ARM_GCC_541\Debug\cy_wdt.o
